2026/06/27 12:47:06 Starting match: gatherer vs rusher vs swarm vs hunter vs guardian vs siege
2026/06/27 12:47:06 Seed: 1782578826231854728, Grid: 77x77, MaxTurns: 616, Cores/player: 1
[acb] 2026/06/27 12:47:06 Turn 1: 4 living bots
[acb] 2026/06/27 12:47:06 Turn 2: 4 living bots
[acb] 2026/06/27 12:47:06 Turn 3: 4 living bots
[acb] 2026/06/27 12:47:06 Turn 4: 4 living bots
[acb] 2026/06/27 12:47:06 Turn 5: 2 living bots
[acb] 2026/06/27 12:47:06 Turn 6: 2 living bots
[acb] 2026/06/27 12:47:06 Turn 7: 2 living bots
[acb] 2026/06/27 12:47:06 Turn 8: 2 living bots
[acb] 2026/06/27 12:47:06 Turn 9: 2 living bots
[acb] 2026/06/27 12:47:06 Activating zone at turn 9 (next turn will be 10)
[acb] 2026/06/27 12:47:06 Turn 10: 2 living bots
[acb] 2026/06/27 12:47:06 Turn 11: 3 living bots
[acb] 2026/06/27 12:47:06 Turn 12: 1 living bots
2026/06/27 12:47:06 Replay written to test-replay-comprehensive.json
Match complete!
  Players: gatherer vs rusher vs swarm vs hunter vs guardian vs siege
  Grid: 77x77 (5929 tiles), Cores: 1/player
  Winner: Player 0 (gatherer)
  Reason: elimination
  Turns: 12
  Scores: [12 2 2 2 2 2]
  Replay: test-replay-comprehensive.json
